; Top Design: "Directional_Coupler_lib:Coupled_Line_Directional_Coupler:schematic"
; Netlisted using Hierarchy Policy: "Standard"

Options ResourceUsage=yes UseNutmegFormat=no EnableOptim=no TopDesignName="Directional_Coupler_lib:Coupled_Line_Directional_Coupler:schematic" DcopOutputNodeVoltages=yes DcopOutputPinCurrents=yes DcopOutputAllSweepPoints=no DcopOutputDcopType=0
Port:TermG1  N__11 0 Num=1 Z=50 Ohm Noise=yes 
Port:TermG2  N__6 0 Num=2 Z=50 Ohm Noise=yes 
Port:TermG3  N__15 0 Num=3 Z=50 Ohm Noise=yes 
Port:TermG4  N__7 0 Num=4 Z=50 Ohm Noise=yes 
S_Param:SP1 CalcS=yes CalcY=no CalcZ=no GroupDelayAperture=1e-4 FreqConversion=no FreqConversionPort=1 StatusLevel=2 CalcNoise=no SortNoise=0 BandwidthForNoise=1.0 Hz DevOpPtLevel=0 \
SweepVar="freq" SweepPlan="SP1_stim" OutputPlan="SP1_Output" 

SweepPlan: SP1_stim Start=2 GHz Stop=3 GHz Lin=200 

OutputPlan:SP1_Output \
      Type="Output" \
      UseEquationNestLevel=yes \
      EquationNestLevel=2 \
      UseSavedEquationNestLevel=yes \
      SavedEquationNestLevel=2

#load "python","LinearCollapse"
Component Module="LinearCollapse" Type="ModelExtractor" NetworkRepresentation=2
model MSub1 MSUB H=0.6 mm Er=4.6 Mur=1 Cond=5.8e7 Hu=3.9e+34 mm T=35 um TanD=0.002 Rough=0 mm DielectricLossModel=1 FreqForEpsrTanD=1.0 GHz LowFreqForTanD=1.0 kHz HighFreqForTanD=1.0 THz RoughnessModel=2 
MSOBND:Bend3  N__12 N__14 Subst="MSub1" W=0.877888 mm 
MLIN2:TL3  N__14 N__2 Subst="MSub1" W=0.877888 mm L=15 mm Wall1=2.5e+28 mm Wall2=2.5e+28 mm Mod=1 
MLIN2:TL2  N__5 N__8 Subst="MSub1" W=0.877888 mm L=15 mm Wall1=2.5e+28 mm Wall2=2.5e+28 mm Mod=1 
MLIN2:TL1  N__4 N__0 Subst="MSub1" W=0.877888 mm L=15 mm Wall1=2.5e+28 mm Wall2=2.5e+28 mm Mod=1 
MSOBND:Bend2  N__3 N__8 Subst="MSub1" W=0.877888 mm 
MSOBND:Bend1  N__0 N__10 Subst="MSub1" W=0.877888 mm 
MCLIN:CLin1  N__10 N__12 N__13 N__3 Subst="MSub1" W=0.877888 mm S=0.158047 mm L=17.533700 mm 
MSOBND:Bend4  N__9 N__13 Subst="MSub1" W=0.877888 mm 
MLIN2:TL4  N__9 N__1 Subst="MSub1" W=0.877888 mm L=15 mm Wall1=2.5e+28 mm Wall2=2.5e+28 mm Mod=1 
MSOBND:Bend5  N__4 N__24 Subst="MSub1" W=0.877888 mm 
MSOBND:Bend6  N__27 N__5 Subst="MSub1" W=0.877888 mm 
MSOBND:Bend7  N__1 N__29 Subst="MSub1" W=0.877888 mm 
MSOBND:Bend8  N__30 N__2 Subst="MSub1" W=0.877888 mm 
MLIN2:TL5  N__24 N__11 Subst="MSub1" W=0.877888 mm L=15 mm Wall1=2.5e+28 mm Wall2=2.5e+28 mm Mod=1 
MLIN2:TL6  N__6 N__27 Subst="MSub1" W=0.877888 mm L=15 mm Wall1=2.5e+28 mm Wall2=2.5e+28 mm Mod=1 
MLIN2:TL7  N__7 N__29 Subst="MSub1" W=0.877888 mm L=15 mm Wall1=2.5e+28 mm Wall2=2.5e+28 mm Mod=1 
MLIN2:TL8  N__30 N__15 Subst="MSub1" W=0.877888 mm L=15 mm Wall1=2.5e+28 mm Wall2=2.5e+28 mm Mod=1 
